11:42:33 **** Incremental Build of configuration Debug for project Phase_Shifter ****
make -j9 all 
arm-none-eabi-gcc "../Core/Src/main.c" -mcpu=cortex-m33 -std=gnu11 -g3 -DDEBUG -DUSE_HAL_DRIVER -DSTM32U575xx -c -I../Core/Inc -I../Drivers/STM32U5xx_HAL_Driver/Inc -I../Drivers/STM32U5xx_HAL_Driver/Inc/Legacy -I../Drivers/CMSIS/Device/ST/STM32U5xx/Include -I../Drivers/CMSIS/Include -O0 -ffunction-sections -fdata-sections -Wall -fstack-usage -fcyclomatic-complexity -MMD -MP -MF"Core/Src/main.d" -MT"Core/Src/main.o" --specs=nano.specs -mfpu=fpv5-sp-d16 -mfloat-abi=hard -mthumb -o "Core/Src/main.o"
arm-none-eabi-gcc -o "Phase_Shifter.elf" @"objects.list"   -mcpu=cortex-m33 -T"/Users/kobeprior/Documents/Phase_Shifter/STM32U575ZITXQ_FLASH.ld" --specs=nosys.specs -Wl,-Map="Phase_Shifter.map" -Wl,--gc-sections -static --specs=nano.specs -mfpu=fpv5-sp-d16 -mfloat-abi=hard -mthumb -Wl,--start-group -lc -lm -Wl,--end-group
Finished building target: Phase_Shifter.elf
 
arm-none-eabi-size  Phase_Shifter.elf 
arm-none-eabi-objdump -h -S Phase_Shifter.elf  > "Phase_Shifter.list"
   text	   data	    bss	    dec	    hex	filename
  40060	      9	   2740	  42809	   a739	Phase_Shifter.elf
Finished building: default.size.stdout
 
Finished building: Phase_Shifter.list
 
11:42:36 **** Incremental Build of configuration Debug for project Phase_Shifter ****
make -j9 all 
arm-none-eabi-size  Phase_Shifter.elf 
   text	   data	    bss	    dec	    hex	filename
  40060	      9	   2740	  42809	   a739	Phase_Shifter.elf
Finished building: default.size.stdout
 
